exports[`test 200 for known file 1`] = `
"This is a test song
"
`;

exports[`test 200 for song list 1`] = `
Array [
  Object {
    "name": "test-song",
    "uri": "http://localhost:3001/song/test-song",
  },
]
`;
